// Jest Snapshot v1, https://goo.gl/fbAQLP

exports[`<Customer /> should render a <Customer /> 1`] = `
<div>
  <tr
    class="sc-jSFjdj ePGGZn"
  >
    <td
      class="sc-iCoGMd zrCMh"
      data-label="Name"
    >
      Test
       
      Tester
    </td>
    <td
      class="sc-iCoGMd zrCMh"
      data-label="Phone number"
    >
      00000000
    </td>
    <td
      class="sc-iCoGMd zrCMh"
      data-label="Action"
    >
      <button
        class="sc-bdnxRM dgLBbs"
      >
        Delete
      </button>
    </td>
  </tr>
</div>
`;
